<html>
<body>
<pre>
<h1>µVision Build Log</h1>
<h2>Tool Versions:</h2>
IDE-Version: ¦ÌVision V5.27.1.0
Copyright (C) 2019 ARM Ltd and ARM Germany GmbH. All rights reserved.
License Information: hyt hyt, hyt, LIC=VGXHL-07EUK-VE4HA-15Y7T-8IHF6-Y45QD
 
Tool Versions:
Toolchain:       MDK-ARM Plus  Version: 5.27.1.0
Toolchain Path:  D:\keil\ARM\ARMCLANG\Bin
C Compiler:      ArmClang.exe V6.12
Assembler:       Armasm.exe V6.12
Linker/Locator:  ArmLink.exe V6.12
Library Manager: ArmAr.exe V6.12
Hex Converter:   FromElf.exe V6.12
CPU DLL:         SARMCM3.DLL V5.27.1.0
Dialog DLL:      DCM.DLL V1.17.2.0
Target DLL:      Segger\JL2CM3.dll V2.99.35.0
Dialog DLL:      TCM.DLL V1.36.1.0
 
<h2>Project:</h2>
D:\test\MDK-ARM\test.uvprojx
Project File Date:  08/05/2019

<h2>Output:</h2>
*** Using Compiler 'V6.12', folder: 'D:\keil\ARM\ARMCLANG\Bin'
Rebuild target 'test'
assembling startup_stm32h743xx.s...
compiling gpio.c...
compiling stm32h7xx_it.c...
compiling usart.c...
compiling spi.c...
compiling ADS1256.c...
../Src/main.c(171): warning: format specifies type 'double' but the argument has type 'long double' [-Wformat]
                printf("%lf",ldVolutage);       //double
                        ~~~  ^~~~~~~~~~
                        %Lf
1 warning generated.
compiling main.c...
compiling stm32h7xx_hal_msp.c...
compiling stm32h7xx_hal_tim.c...
compiling stm32h7xx_hal_spi_ex.c...
compiling stm32h7xx_hal_tim_ex.c...
compiling stm32h7xx_hal_cortex.c...
compiling stm32h7xx_hal_uart_ex.c...
compiling stm32h7xx_hal_spi.c...
compiling stm32h7xx_hal_flash.c...
compiling stm32h7xx_hal_rcc.c...
compiling stm32h7xx_hal_flash_ex.c...
compiling stm32h7xx_hal_gpio.c...
compiling stm32h7xx_hal_uart.c...
compiling stm32h7xx_hal_rcc_ex.c...
compiling stm32h7xx_hal_hsem.c...
compiling stm32h7xx_hal_pwr.c...
compiling stm32h7xx_hal_dma_ex.c...
compiling stm32h7xx_hal_pwr_ex.c...
compiling stm32h7xx_hal_mdma.c...
compiling stm32h7xx_hal_dma.c...
compiling stm32h7xx_hal.c...
compiling system_stm32h7xx.c...
compiling stm32h7xx_hal_i2c_ex.c...
compiling ADS1256.c...
compiling stm32h7xx_hal_i2c.c...
linking...
test\test.axf: Warning: L6304W: Duplicate input file test\ads1256_1.o ignored.
Program Size: Code=15380 RO-data=772 RW-data=24 ZI-data=1312  
Finished: 0 information, 1 warning and 0 error messages.
FromELF: creating hex file...
"test\test.axf" - 0 Error(s), 2 Warning(s).

<h2>Software Packages used:</h2>

Package Vendor: ARM
                http://www.keil.com/pack/ARM.CMSIS.5.6.0.pack
                ARM.CMSIS.5.6.0
                CMSIS (Cortex Microcontroller Software Interface Standard)
   * Component: CORE Version: 5.3.0

Package Vendor: Keil
                https://www.keil.com/pack/Keil.STM32H7xx_DFP.2.3.0.pack
                Keil.STM32H7xx_DFP.2.3.0
                STMicroelectronics STM32H7 Series Device Support and Examples

<h2>Collection of Component include folders:</h2>
  .\RTE\_test
  C:\Users\hyt\AppData\Local\Arm\Packs\ARM\CMSIS\5.6.0\CMSIS\Core\Include
  C:\Users\hyt\AppData\Local\Arm\Packs\Keil\STM32H7xx_DFP\2.3.0\Drivers\CMSIS\Device\ST\STM32H7xx\Include

<h2>Collection of Component Files used:</h2>

   * Component: ARM::CMSIS:CORE:5.3.0
Build Time Elapsed:  00:00:06
</pre>
</body>
</html>
